...F..                                                                   [100%]
=================================== FAILURES ===================================
________________ test_twin_variance_and_runtime_seed_detection _________________

    def test_twin_variance_and_runtime_seed_detection():
        repeats = {}
        evidence = {}
        for r in (0, 1):
            counts = _measured_repeats(r)
            repeats[r] = counts
            evidence[str(r)] = {
                "distinct_dictionaries": len({tuple(sorted(c.items())) for c in counts}),
                "repeat_sizes": [len(c) for c in counts],
            }
            Path("runs/campaign_v060/sessions/c060_p0_20260908_2/twin_variance.json").write_text(
                json.dumps(evidence, indent=2) + "\n"
            )
>           assert evidence[str(r)]["distinct_dictionaries"] == 5
E           assert 3 == 5

runs/campaign_v060/tests/gate_C0/test_twin_variance.py:30: AssertionError
=========================== short test summary info ============================
FAILED runs/campaign_v060/tests/gate_C0/test_twin_variance.py::test_twin_variance_and_runtime_seed_detection
