F401 [*] `os` imported but unused
 --> runs/section8_v0.5.0_20260907T0628Z/src/su2qc/circuits/export_l12.py:2:8
  |
1 | """Write circuits/resources_logical.md and export L12 circuits (QPY + QASM3)."""
2 | import os
  |        ^^
3 | import sys
  |
help: Remove unused import: `os`
  |
1 | """Write circuits/resources_logical.md and export L12 circuits (QPY + QASM3)."""
  - import os
2 | import sys
  |

I001 [*] Import block is un-sorted or un-formatted
  --> runs/section8_v0.5.0_20260907T0628Z/src/su2qc/circuits/export_l12.py:6:1
   |
 5 |   sys.path.insert(0, "src")
 6 | / from qiskit import qpy, transpile  # noqa: E402
 7 | | from qiskit import qasm3  # noqa: E402
 8 | | from su2qc.circuits import strang_l12 as sl  # noqa: E402
   | |___________________________________________^
 9 |
10 |   p = sl.params()
   |
help: Organize imports
   |
5  | sys.path.insert(0, "src")
   - from qiskit import qpy, transpile  # noqa: E402
   - from qiskit import qasm3  # noqa: E402
6  + from qiskit import (  # noqa: E402
7  +     qasm3,  # noqa: E402
8  +     qpy,
9  +     transpile,
10 + )
11 +
12 | from su2qc.circuits import strang_l12 as sl  # noqa: E402
   |

E501 Line too long (97 > 96)
  --> runs/section8_v0.5.0_20260907T0628Z/src/su2qc/circuits/export_l12.py:42:97
   |
40 |         fh.write(f"| {name} | {s} | {n2} | {d2} |\n")
41 |     fh.write("\nBudget reference (prompt §0.1): ~250 CZ per Strang step, ~1000 per\n"
42 |              "circuit, 2q depth < ~200. Compare after routing in compile/resources_routed.md.\n")
   |                                                                                                 ^
43 | print(open("circuits/resources_logical.md").read())
   |

I001 [*] Import block is un-sorted or un-formatted
  --> runs/section8_v0.5.0_20260907T0628Z/src/su2qc/circuits/synth_l12.py:7:1
   |
 5 |   and the diagonal term is a degree-three phase polynomial.
 6 |   """
 7 | / from __future__ import annotations
 8 | |
 9 | | from functools import lru_cache
10 | | import json
11 | | from pathlib import Path
12 | |
13 | | import numpy as np
14 | | from qiskit import QuantumCircuit, transpile
15 | | from qiskit.circuit.library import PhaseGate, UnitaryGate
16 | | from scipy.linalg import expm
17 | |
18 | | from su2qc.circuits import strang_l12 as sl
19 | | from su2qc.encodings.l12 import encode, physical_codes
   | |______________________________________________________^
20 |
21 |   NQ = 12
   |
help: Organize imports
   |
8  |
9  + import json
10 | from functools import lru_cache
   - import json
11 | from pathlib import Path
   |

F401 [*] `json` imported but unused
  --> runs/section8_v0.5.0_20260907T0628Z/src/su2qc/circuits/synth_l12.py:10:8
   |
 9 | from functools import lru_cache
10 | import json
   |        ^^^^
11 | from pathlib import Path
   |
help: Remove unused import: `json`
   |
9  | from functools import lru_cache
   - import json
10 | from pathlib import Path
   |

F401 [*] `qiskit.circuit.library.UnitaryGate` imported but unused
  --> runs/section8_v0.5.0_20260907T0628Z/src/su2qc/circuits/synth_l12.py:15:47
   |
13 | import numpy as np
14 | from qiskit import QuantumCircuit, transpile
15 | from qiskit.circuit.library import PhaseGate, UnitaryGate
   |                                               ^^^^^^^^^^^
16 | from scipy.linalg import expm
   |
help: Remove unused import: `qiskit.circuit.library.UnitaryGate`
   |
14 | from qiskit import QuantumCircuit, transpile
   - from qiskit.circuit.library import PhaseGate, UnitaryGate
15 + from qiskit.circuit.library import PhaseGate
16 | from scipy.linalg import expm
   |

F401 [*] `su2qc.encodings.l12.encode` imported but unused
  --> runs/section8_v0.5.0_20260907T0628Z/src/su2qc/circuits/synth_l12.py:19:33
   |
18 | from su2qc.circuits import strang_l12 as sl
19 | from su2qc.encodings.l12 import encode, physical_codes
   |                                 ^^^^^^
20 |
21 | NQ = 12
   |
help: Remove unused import: `su2qc.encodings.l12.encode`
   |
18 | from su2qc.circuits import strang_l12 as sl
   - from su2qc.encodings.l12 import encode, physical_codes
19 + from su2qc.encodings.l12 import physical_codes
20 |
   |

E501 Line too long (98 > 96)
  --> runs/section8_v0.5.0_20260907T0628Z/src/su2qc/circuits/synth_l12.py:65:97
   |
63 |     from qiskit.circuit.library import UGate
64 |     from qiskit.synthesis.one_qubit import OneQubitEulerDecomposer
65 |     theta, phi, lam, phase = OneQubitEulerDecomposer("U").angles_and_phase(np.asarray(u, complex))
   |                                                                                                 ^^
66 |     g = UGate(theta, phi, lam)
67 |     if abs(phase) > 1e-14:
   |

I001 [*] Import block is un-sorted or un-formatted
  --> runs/section8_v0.5.0_20260907T0628Z/src/su2qc/circuits/synth_l12.py:69:9
   |
67 |       if abs(phase) > 1e-14:
68 |           # global phase of the target block becomes a controlled phase
69 | /         from qiskit.circuit.library import PhaseGate
70 | |         from qiskit import QuantumCircuit
   | |_________________________________________^
71 |           sub = QuantumCircuit(1, name="u_ph")
72 |           sub.append(g, [0])
   |
help: Organize imports
   |
68 |         # global phase of the target block becomes a controlled phase
69 +         from qiskit import QuantumCircuit
70 |         from qiskit.circuit.library import PhaseGate
   -         from qiskit import QuantumCircuit
71 |         sub = QuantumCircuit(1, name="u_ph")
   |

F401 [*] `qiskit.circuit.library.PhaseGate` imported but unused
  --> runs/section8_v0.5.0_20260907T0628Z/src/su2qc/circuits/synth_l12.py:69:44
   |
67 |     if abs(phase) > 1e-14:
68 |         # global phase of the target block becomes a controlled phase
69 |         from qiskit.circuit.library import PhaseGate
   |                                            ^^^^^^^^^
70 |         from qiskit import QuantumCircuit
71 |         sub = QuantumCircuit(1, name="u_ph")
   |
help: Remove unused import: `qiskit.circuit.library.PhaseGate`
   |
68 |         # global phase of the target block becomes a controlled phase
   -         from qiskit.circuit.library import PhaseGate
69 |         from qiskit import QuantumCircuit
   |

E501 Line too long (125 > 96)
   --> runs/section8_v0.5.0_20260907T0628Z/src/su2qc/circuits/synth_l12.py:154:97
    |
152 |     for q in list(controls):
153 |         trial = [z for z in controls if z != q]
154 |         if not any(z != pattern and all(((z >> k) & 1) == ((pattern >> k) & 1) for k in trial + [target]) for z in physical):
    |                                                                                                 ^^^^^^^^^^^^^^^^^^^^^^^^^^^^^
155 |             controls.remove(q)
156 |     # X target turns the desired target value into 1; PhaseGate then phases it.
    |

E501 Line too long (106 > 96)
   --> runs/section8_v0.5.0_20260907T0628Z/src/su2qc/circuits/synth_l12.py:163:97
    |
161 |         if not fixed[q]:
162 |             qc.x(support[q])
163 |     qc.append(PhaseGate(phase).control(len(controls)), [support[q] for q in controls] + [support[target]])
    |                                                                                                 ^^^^^^^^^^
164 |     for q in reversed(controls):
165 |         if not fixed[q]:
    |

E702 Multiple statements on one line (semicolon)
   --> runs/section8_v0.5.0_20260907T0628Z/src/su2qc/circuits/synth_l12.py:176:26
    |
174 |     out = []
175 |     while todo:
176 |         root = todo.pop(); comp = {root}; stack = [root]
    |                          ^
177 |         while stack:
178 |             i = stack.pop()
    |

E702 Multiple statements on one line (semicolon)
   --> runs/section8_v0.5.0_20260907T0628Z/src/su2qc/circuits/synth_l12.py:176:41
    |
174 |     out = []
175 |     while todo:
176 |         root = todo.pop(); comp = {root}; stack = [root]
    |                                         ^
177 |         while stack:
178 |             i = stack.pop()
    |

E702 Multiple statements on one line (semicolon)
   --> runs/section8_v0.5.0_20260907T0628Z/src/su2qc/circuits/synth_l12.py:182:35
    |
180 |                 j = int(j)
181 |                 if j in todo:
182 |                     todo.remove(j); comp.add(j); stack.append(j)
    |                                   ^
183 |         out.append(sorted(comp))
184 |     return out
    |

E702 Multiple statements on one line (semicolon)
   --> runs/section8_v0.5.0_20260907T0628Z/src/su2qc/circuits/synth_l12.py:182:48
    |
180 |                 j = int(j)
181 |                 if j in todo:
182 |                     todo.remove(j); comp.add(j); stack.append(j)
    |                                                ^
183 |         out.append(sorted(comp))
184 |     return out
    |

E501 Line too long (106 > 96)
   --> runs/section8_v0.5.0_20260907T0628Z/src/su2qc/circuits/synth_l12.py:200:97
    |
198 |             raise ValueError(f"unexpected component size {len(comp)}")
199 |         if len(comp) == 2:
200 |             _two_level(qc, support, comp[0], comp[1], expm(-1j * theta * L[np.ix_(comp, comp)]), physical)
    |                                                                                                 ^^^^^^^^^^
201 |             continue
202 |         v = expm(-1j * theta * L[np.ix_(comp, comp)])
    |

E702 Multiple statements on one line (semicolon)
   --> runs/section8_v0.5.0_20260907T0628Z/src/su2qc/circuits/synth_l12.py:272:25
    |
271 | def synth_full_circuit(r, dt=None, g2=None, m=None, merge_D=True):
272 |     p = sl.params(g2, m); dt = p["dt"] if dt is None else dt
    |                         ^
273 |     qc = sl.prep_stretched()
274 |     if r == 0:
    |

E501 Line too long (107 > 96)
   --> runs/section8_v0.5.0_20260907T0628Z/src/su2qc/circuits/synth_l12.py:291:97
    |
290 | def _resources(circ):
291 |     t = transpile(circ, basis_gates=["cz", "rz", "sx", "x", "id"], optimization_level=3, seed_transpiler=7)
    |                                                                                                 ^^^^^^^^^^^
292 |     return {"n_2q": sum(x.operation.num_qubits == 2 for x in t.data),
293 |             "depth_2q": t.depth(lambda x: x.operation.num_qubits == 2), "depth": t.depth()}
    |

E702 Multiple statements on one line (semicolon)
   --> runs/section8_v0.5.0_20260907T0628Z/src/su2qc/circuits/synth_l12.py:297:20
    |
296 | def write_resources(path="circuits/resources_synth.md"):
297 |     p = sl.params(); rows = []
    |                    ^
298 |     for g in GROUPS:
299 |         rows.append((f"group {g} (theta={p['dt']/2:.4f})", _resources(synth_unitary(g, p['dt']/2, p['g2'], p['m']))))
    |

E501 Line too long (117 > 96)
   --> runs/section8_v0.5.0_20260907T0628Z/src/su2qc/circuits/synth_l12.py:299:97
    |
297 |     p = sl.params(); rows = []
298 |     for g in GROUPS:
299 |         rows.append((f"group {g} (theta={p['dt']/2:.4f})", _resources(synth_unitary(g, p['dt']/2, p['g2'], p['m']))))
    |                                                                                                 ^^^^^^^^^^^^^^^^^^^^^
300 |     rows.append(("one Strang step", _resources(synth_strang_step(p['dt'], p['g2'], p['m']))))
301 |     for r in range(4):
    |

E501 Line too long (104 > 96)
   --> runs/section8_v0.5.0_20260907T0628Z/src/su2qc/circuits/synth_l12.py:302:97
    |
300 |     rows.append(("one Strang step", _resources(synth_strang_step(p['dt'], p['g2'], p['m']))))
301 |     for r in range(4):
302 |         rows.append((f"full circuit r={r} (prep + steps, merged D)", _resources(synth_full_circuit(r))))
    |                                                                                                 ^^^^^^^^
303 |     out = ["# Synthesized resources, L12 encoding", "", f"Window: g2={p['g2']}, m={p['m']}, dt={p['dt']:.4f}.", "",
304 |            "| circuit | 2q count | 2q depth | total depth |", "|---|---:|---:|---:|"]
    |

E501 Line too long (115 > 96)
   --> runs/section8_v0.5.0_20260907T0628Z/src/su2qc/circuits/synth_l12.py:303:97
    |
301 |     for r in range(4):
302 |         rows.append((f"full circuit r={r} (prep + steps, merged D)", _resources(synth_full_circuit(r))))
303 |     out = ["# Synthesized resources, L12 encoding", "", f"Window: g2={p['g2']}, m={p['m']}, dt={p['dt']:.4f}.", "",
    |                                                                                                 ^^^^^^^^^^^^^^^^^^^
304 |            "| circuit | 2q count | 2q depth | total depth |", "|---|---:|---:|---:|"]
305 |     out += [f"| {name} | {r['n_2q']} | {r['depth_2q']} | {r['depth']} |" for name, r in rows]
    |

F401 [*] `json` imported but unused
  --> runs/section8_v0.5.0_20260907T0628Z/src/su2qc/compile/route.py:12:8
   |
10 | from __future__ import annotations
11 |
12 | import json
   |        ^^^^
13 | import os
14 | import sys
   |
help: Remove unused import: `json`
   |
11 |
   - import json
12 | import os
   |

F401 [*] `qiskit.transpiler.CouplingMap` imported but unused
  --> runs/section8_v0.5.0_20260907T0628Z/src/su2qc/compile/route.py:19:31
   |
17 | from qiskit import QuantumCircuit, transpile
18 | from qiskit.quantum_info import Statevector
19 | from qiskit.transpiler import CouplingMap
   |                               ^^^^^^^^^^^
20 |
21 | RUN = os.path.dirname(os.path.dirname(os.path.dirname(
   |
help: Remove unused import: `qiskit.transpiler.CouplingMap`
   |
18 | from qiskit.quantum_info import Statevector
   - from qiskit.transpiler import CouplingMap
19 |
   |

F841 Local variable `final` is assigned to but never used
  --> runs/section8_v0.5.0_20260907T0628Z/src/su2qc/compile/route.py:44:9
   |
42 |     if lay is not None and lay.final_layout is not None:
43 |         fl = lay.final_layout
44 |         final = [fl[q] for q in isa.qubits]
   |         ^^^^^
45 |     return isa, {"initial_physical": [int(x) for x in init],
46 |                  "final_index_layout": [int(x) for x in isa.layout.final_index_layout()]
   |
help: Remove assignment to unused variable `final`

F401 [*] `qiskit.quantum_info.Operator` imported but unused
  --> runs/section8_v0.5.0_20260907T0628Z/src/su2qc/compile/route.py:61:37
   |
59 |     """1 - |<routed|logical>| with the routed state pulled back through
60 |     final_index_layout to the logical qubit order (statevector, no measure)."""
61 |     from qiskit.quantum_info import Operator
   |                                     ^^^^^^^^
62 |     psi_l = Statevector(logical).data
63 |     # reduce ISA circuit to only its active physical qubits
   |
help: Remove unused import: `qiskit.quantum_info.Operator`
   |
60 |     final_index_layout to the logical qubit order (statevector, no measure)."""
   -     from qiskit.quantum_info import Operator
61 |     psi_l = Statevector(logical).data
   |

I001 [*] Import block is un-sorted or un-formatted
  --> runs/section8_v0.5.0_20260907T0628Z/src/su2qc/compile/route.py:93:5
   |
91 |       the 82 physical codes (done by the caller via routed_equivalence-style
92 |       comparison). strategy: 'basic' (topology-preserving), 'full_reduce'."""
93 | /     from qiskit import qasm2
94 | |     import pyzx as zx
   | |_____________________^
95 |       denominator = zx.settings.float_to_fraction_max_denominator
96 |       try:
   |
help: Organize imports
   |
92 |     comparison). strategy: 'basic' (topology-preserving), 'full_reduce'."""
93 +     import pyzx as zx
94 |     from qiskit import qasm2
   -     import pyzx as zx
95 |     denominator = zx.settings.float_to_fraction_max_denominator
   |

I001 [*] Import block is un-sorted or un-formatted
  --> runs/section8_v0.5.0_20260907T0628Z/src/su2qc/compile/run_g4.py:14:1
   |
13 |   sys.path.insert(0, "src")
14 | / from qiskit import transpile  # noqa: E402
15 | | from su2qc.circuits import strang_l12 as sl  # noqa: E402
16 | | from su2qc.circuits import synth_l12 as sy  # noqa: E402
17 | | from su2qc.compile import route as rt  # noqa: E402
18 | | from su2qc.dynamics import scan  # noqa: E402
19 | | from su2qc.twin import twin  # noqa: E402
   | |___________________________^
20 |
21 |   P = sl.params()
   |
help: Organize imports
   |
14 | from qiskit import transpile  # noqa: E402
15 +
16 | from su2qc.circuits import strang_l12 as sl  # noqa: E402
   |

E501 Line too long (98 > 96)
  --> runs/section8_v0.5.0_20260907T0628Z/src/su2qc/compile/run_g4.py:30:97
   |
29 | def n2(c):
30 |     return sum(1 for i in c.data if i.operation.num_qubits == 2 and i.operation.name != "barrier")
   |                                                                                                 ^^

UP031 Use format specifiers instead of percent format
  --> runs/section8_v0.5.0_20260907T0628Z/src/su2qc/compile/run_g4.py:82:39
   |
80 |         if name == "qiskit_L3":
81 |             layout = full[RMAX]["layout"]
82 |         print(name, "step", per_step, "full r=%d" % RMAX, full[RMAX]["n_2q"], full[RMAX]["depth_2q"],
   |                                       ^^^^^^^^^^^
83 |               "eq", eq_step, eq_full, f"{time.time()-t0:.0f}s", flush=True)
84 |     except Exception as e:  # noqa: BLE001
   |
help: Replace with format specifiers

E501 Line too long (101 > 96)
  --> runs/section8_v0.5.0_20260907T0628Z/src/su2qc/compile/run_g4.py:82:97
   |
80 |         if name == "qiskit_L3":
81 |             layout = full[RMAX]["layout"]
82 |         print(name, "step", per_step, "full r=%d" % RMAX, full[RMAX]["n_2q"], full[RMAX]["depth_2q"],
   |                                                                                                 ^^^^^
83 |               "eq", eq_step, eq_full, f"{time.time()-t0:.0f}s", flush=True)
84 |     except Exception as e:  # noqa: BLE001
   |

E501 Line too long (102 > 96)
   --> runs/section8_v0.5.0_20260907T0628Z/src/su2qc/compile/run_g4.py:109:97
    |
107 | with open("compile/resources_routed.md", "w") as fh:
108 |     fh.write("# Routed resources (FakeTorino, CZ-native), L12 structured synthesis\n\n")
109 |     fh.write(f"Window g2={G2}, m={M}, dt={DT:.4f}, r_max={RMAX}. seed_transpiler=7, opt level 3.\n\n")
    |                                                                                                 ^^^^^^
110 |     fh.write("| pipeline | step CZ | step 2q-depth | full r=3 CZ | full r=3 2q-depth | pre-route equiv | routed equiv (r=3) |\n|---|-…
111 |     for nme, res in results.items():
    |

E501 Line too long (164 > 96)
   --> runs/section8_v0.5.0_20260907T0628Z/src/su2qc/compile/run_g4.py:110:97
    |
108 | …ructured synthesis\n\n")
109 | … seed_transpiler=7, opt level 3.\n\n")
110 | … | full r=3 2q-depth | pre-route equiv | routed equiv (r=3) |\n|---|---:|---:|---:|---:|---|---|\n")
    |                                  ^^^^^^^^^^^^^^^^^^^^^^^^^^^^^^^^^^^^^^^^^^^^^^^^^^^^^^^^^^^^^^^^^^^^
111 | …
112 | …
    |

E702 Multiple statements on one line (semicolon)
   --> runs/section8_v0.5.0_20260907T0628Z/src/su2qc/compile/run_g4.py:113:61
    |
111 |     for nme, res in results.items():
112 |         if "error" in res:
113 |             fh.write(f"| {nme} | ERROR: {res['error']} |\n"); continue
    |                                                             ^
114 |         fh.write(f"| {nme} | {res['per_step']['n_2q']} | {res['per_step']['depth_2q']} | "
115 |                  f"{res['full'][str(RMAX)]['n_2q']} | {res['full'][str(RMAX)]['depth_2q']} | "
    |

E501 Line too long (138 > 96)
   --> runs/section8_v0.5.0_20260907T0628Z/src/su2qc/compile/run_g4.py:116:97
    |
114 | …']} | {res['per_step']['depth_2q']} | "
115 | … | {res['full'][str(RMAX)]['depth_2q']} | "
116 | …} | {res['routed_equiv_rmax'] if res['routed_equiv_rmax'] is not None else 'n/a'} |\n")
    |                                               ^^^^^^^^^^^^^^^^^^^^^^^^^^^^^^^^^^^^^^^^^^
117 | …0 CZ/circuit, 2q depth < ~200 (+10% slack).\n")
118 | ….join(
    |

E501 Line too long (98 > 96)
   --> runs/section8_v0.5.0_20260907T0628Z/src/su2qc/compile/run_g4.py:117:97
    |
115 |                  f"{res['full'][str(RMAX)]['n_2q']} | {res['full'][str(RMAX)]['depth_2q']} | "
116 |                  f"{res['pre_route_equiv_step']:.1e} | {res['routed_equiv_rmax'] if res['routed_equiv_rmax'] is not None else 'n/a'} …
117 |     fh.write("\nBudget (prompt): ~250 CZ/step, ~1000 CZ/circuit, 2q depth < ~200 (+10% slack).\n")
    |                                                                                                 ^^
118 |     fh.write("Per-r routed CZ (qiskit_L3): " + ", ".join(
119 |         f"r={r}: {results['qiskit_L3']['full'][str(r)]['n_2q']}" for r in range(RMAX + 1)) + "\n")
    |

E501 Line too long (98 > 96)
   --> runs/section8_v0.5.0_20260907T0628Z/src/su2qc/compile/run_g4.py:119:97
    |
117 |     fh.write("\nBudget (prompt): ~250 CZ/step, ~1000 CZ/circuit, 2q depth < ~200 (+10% slack).\n")
118 |     fh.write("Per-r routed CZ (qiskit_L3): " + ", ".join(
119 |         f"r={r}: {results['qiskit_L3']['full'][str(r)]['n_2q']}" for r in range(RMAX + 1)) + "\n")
    |                                                                                                 ^^
120 |
121 | # ---------------------------------------------------------------- twin run
    |

E501 Line too long (171 > 96)
   --> runs/section8_v0.5.0_20260907T0628Z/src/su2qc/compile/run_g4.py:141:97
    |
139 | …y], int(within), y))
140 | …
141 | …ean['P_surv']:.3f}±{two_sig['P_surv']:.3f} exact={exact['P_surv'][r]:.3f} within={ok_all}", flush=True)
    |                              ^^^^^^^^^^^^^^^^^^^^^^^^^^^^^^^^^^^^^^^^^^^^^^^^^^^^^^^^^^^^^^^^^^^^^^^^^^^
142 | …
143 | …
    |

E741 Ambiguous variable name: `l`
  --> runs/section8_v0.5.0_20260907T0628Z/src/su2qc/conventions.py:37:9
   |
35 | N_LINKS = 4
36 |
37 | def eta(l: int) -> int:
   |         ^
38 |     """Staggered phase of link l: eta_x = 1, eta_y = (-1)^x  (x of the source)."""
39 |     s, _t, d = LINKS[l]
   |

E741 Ambiguous variable name: `l`
  --> runs/section8_v0.5.0_20260907T0628Z/src/su2qc/conventions.py:44:24
   |
42 |     return 1 if VERTICES[s][0] % 2 == 0 else -1
43 |
44 | ETA = tuple(eta(l) for l in range(4))                # (+1, -1, +1, +1)
   |                        ^
45 |
46 | # Plaquette orientation: U_box = U_0 U_1 U_2^dag U_3^dag (python link indices).
   |

I001 [*] Import block is un-sorted or un-formatted
 --> runs/section8_v0.5.0_20260907T0628Z/src/su2qc/dynamics/__init__.py:4:1
  |
2 |   # Exposes: evolve, self_check, mass_scan, timeseries_at, truncation, window selection
3 |
4 | / from . import engine
5 | | from . import scan
  | |__________________^
6 |
7 |   __all__ = ["engine", "scan"]
  |
help: Organize imports
  |
3 |
  - from . import engine
  - from . import scan
4 + from . import engine, scan
5 |
  |

I001 [*] Import block is un-sorted or un-formatted
  --> runs/section8_v0.5.0_20260907T0628Z/src/su2qc/dynamics/engine.py:8:1
   |
 6 |   """
 7 |
 8 | / import numpy as np
 9 | | from scipy.sparse.linalg import expm_multiply
10 | | from scipy.linalg import expm
11 | | from su2qc.ham.route_spinnet import build_hamiltonian
12 | | import su2qc.conventions as cv
   | |______________________________^
help: Organize imports
   |
8  | import numpy as np
   - from scipy.sparse.linalg import expm_multiply
9  | from scipy.linalg import expm
   - from su2qc.ham.route_spinnet import build_hamiltonian
10 + from scipy.sparse.linalg import expm_multiply
11 +
12 | import su2qc.conventions as cv
13 + from su2qc.ham.route_spinnet import build_hamiltonian
14 |
   |

I001 [*] Import block is un-sorted or un-formatted
  --> runs/section8_v0.5.0_20260907T0628Z/src/su2qc/dynamics/scan.py:8:1
   |
 6 |   """
 7 |
 8 | / import json
 9 | | import os
10 | |
11 | | import numpy as np
12 | | from scipy.linalg import expm
13 | |
14 | | import su2qc.conventions as cv
15 | | from su2qc.dynamics.engine import evolve
16 | | from su2qc.ham.route_spinnet import (build_hamiltonian,
17 | |                                      build_hamiltonian_no_magnetic)
   | |___________________________________________________________________^
18 |
19 |   RUN_DIR = os.path.dirname(os.path.dirname(os.path.dirname(
   |
help: Organize imports
   |
15 | from su2qc.dynamics.engine import evolve
   - from su2qc.ham.route_spinnet import (build_hamiltonian,
   -                                      build_hamiltonian_no_magnetic)
16 + from su2qc.ham.route_spinnet import build_hamiltonian, build_hamiltonian_no_magnetic
17 |
   |

E741 Ambiguous variable name: `l`
  --> runs/section8_v0.5.0_20260907T0628Z/src/su2qc/dynamics/scan.py:54:47
   |
53 | def _diagnostics(basis):
54 |     e2 = np.array([[cv.casimir(lab[0][l]) for l in range(4)] for lab in basis])
   |                                               ^
55 |     nv = np.array([[lab[1][v] for v in range(4)] for lab in basis])
56 |     return e2, nv
   |

E702 Multiple statements on one line (semicolon)
   --> runs/section8_v0.5.0_20260907T0628Z/src/su2qc/dynamics/scan.py:154:27
    |
152 |                    (po, "P_other")):
153 |         ax.plot(times, y, label=lab)
154 |     ax.set_xlabel("t [a]"); ax.set_ylabel("probability"); ax.legend()
    |                           ^
155 |     ax.set_title("String-breaking channels (exact)")
156 |     fig.tight_layout(); fig.savefig(os.path.join(figs, "exact_channels.png"), dpi=140)
    |

E702 Multiple statements on one line (semicolon)
   --> runs/section8_v0.5.0_20260907T0628Z/src/su2qc/dynamics/scan.py:154:57
    |
152 |                    (po, "P_other")):
153 |         ax.plot(times, y, label=lab)
154 |     ax.set_xlabel("t [a]"); ax.set_ylabel("probability"); ax.legend()
    |                                                         ^
155 |     ax.set_title("String-breaking channels (exact)")
156 |     fig.tight_layout(); fig.savefig(os.path.join(figs, "exact_channels.png"), dpi=140)
    |

E702 Multiple statements on one line (semicolon)
   --> runs/section8_v0.5.0_20260907T0628Z/src/su2qc/dynamics/scan.py:156:23
    |
154 |     ax.set_xlabel("t [a]"); ax.set_ylabel("probability"); ax.legend()
155 |     ax.set_title("String-breaking channels (exact)")
156 |     fig.tight_layout(); fig.savefig(os.path.join(figs, "exact_channels.png"), dpi=140)
    |                       ^
157 |     plt.close(fig)
158 |     fig, ax = plt.subplots(figsize=(7, 4.2))
    |

E741 Ambiguous variable name: `l`
   --> runs/section8_v0.5.0_20260907T0628Z/src/su2qc/dynamics/scan.py:160:9
    |
158 |     fig, ax = plt.subplots(figsize=(7, 4.2))
159 |     ax.plot(times, e2.sum(axis=1) - 9.0 / 4.0, "k-", label="ΔC = ΣE² − 9/4")
160 |     for l in range(4):
    |         ^
161 |         ax.plot(times, e2[:, l], "--", alpha=0.6, label=f"E²_l{l+1}")
162 |     ax.set_xlabel("t [a]"); ax.legend(fontsize=8)
    |

E702 Multiple statements on one line (semicolon)
   --> runs/section8_v0.5.0_20260907T0628Z/src/su2qc/dynamics/scan.py:162:27
    |
160 |     for l in range(4):
161 |         ax.plot(times, e2[:, l], "--", alpha=0.6, label=f"E²_l{l+1}")
162 |     ax.set_xlabel("t [a]"); ax.legend(fontsize=8)
    |                           ^
163 |     ax.set_title("Casimir reduction (exact)")
164 |     fig.tight_layout(); fig.savefig(os.path.join(figs, "exact_casimir.png"), dpi=140)
    |

E702 Multiple statements on one line (semicolon)
   --> runs/section8_v0.5.0_20260907T0628Z/src/su2qc/dynamics/scan.py:164:23
    |
162 |     ax.set_xlabel("t [a]"); ax.legend(fontsize=8)
163 |     ax.set_title("Casimir reduction (exact)")
164 |     fig.tight_layout(); fig.savefig(os.path.join(figs, "exact_casimir.png"), dpi=140)
    |                       ^
165 |     plt.close(fig)
166 |     fig, ax = plt.subplots(figsize=(7, 4.2))
    |

E702 Multiple statements on one line (semicolon)
   --> runs/section8_v0.5.0_20260907T0628Z/src/su2qc/dynamics/scan.py:169:27
    |
167 |     for v in range(4):
168 |         ax.plot(times, nv[:, v], label=f"n_v{v+1}")
169 |     ax.set_xlabel("t [a]"); ax.set_ylabel("⟨n_v⟩"); ax.legend()
    |                           ^
170 |     ax.set_title("Site-resolved density (exact)")
171 |     fig.tight_layout(); fig.savefig(os.path.join(figs, "exact_density.png"), dpi=140)
    |

E702 Multiple statements on one line (semicolon)
   --> runs/section8_v0.5.0_20260907T0628Z/src/su2qc/dynamics/scan.py:169:51
    |
167 |     for v in range(4):
168 |         ax.plot(times, nv[:, v], label=f"n_v{v+1}")
169 |     ax.set_xlabel("t [a]"); ax.set_ylabel("⟨n_v⟩"); ax.legend()
    |                                                   ^
170 |     ax.set_title("Site-resolved density (exact)")
171 |     fig.tight_layout(); fig.savefig(os.path.join(figs, "exact_density.png"), dpi=140)
    |

E702 Multiple statements on one line (semicolon)
   --> runs/section8_v0.5.0_20260907T0628Z/src/su2qc/dynamics/scan.py:171:23
    |
169 |     ax.set_xlabel("t [a]"); ax.set_ylabel("⟨n_v⟩"); ax.legend()
170 |     ax.set_title("Site-resolved density (exact)")
171 |     fig.tight_layout(); fig.savefig(os.path.join(figs, "exact_density.png"), dpi=140)
    |                       ^
172 |     plt.close(fig)
    |

E741 Ambiguous variable name: `l`
   --> runs/section8_v0.5.0_20260907T0628Z/src/su2qc/dynamics/scan.py:218:9
    |
216 |     hop = Hnd - D
217 |     hs = []
218 |     for l in range(4):
    |         ^
219 |         hl = np.zeros_like(hop)
220 |         s, t = cv.LINKS[l][0], cv.LINKS[l][1]
    |

I001 [*] Import block is un-sorted or un-formatted
  --> runs/section8_v0.5.0_20260907T0628Z/src/su2qc/encodings/l12.py:7:1
   |
 5 |   strings consequently read q11 ... q0.
 6 |   """
 7 | / from __future__ import annotations
 8 | |
 9 | | from functools import lru_cache
10 | | from numbers import Integral
11 | | from su2qc.ham.route_spinnet import enumerate_basis, _VLINKS
   | |____________________________________________________________^
12 |
13 |   N_QUBITS = 12
   |
help: Organize imports
   |
10 | from numbers import Integral
   - from su2qc.ham.route_spinnet import enumerate_basis, _VLINKS
11 |
12 + from su2qc.ham.route_spinnet import _VLINKS, enumerate_basis
13 +
14 | N_QUBITS = 12
   |

E701 Multiple statements on one line (colon)
  --> runs/section8_v0.5.0_20260907T0628Z/src/su2qc/encodings/l12.py:56:12
   |
54 |     """Return vertex leakage and four endpoint-consistency flags."""
55 |     if isinstance(bits, str):
56 |         try: bits = int(bits, 2)
   |            ^
57 |         except ValueError: return {"vertex": (True,)*4, "link": (True,)*4}
58 |     vertex = tuple(bool(_bit(bits, 3*v) ^ _bit(bits, 3*v+1)) and bool(_bit(bits, 3*v+2))
   |

E701 Multiple statements on one line (colon)
  --> runs/section8_v0.5.0_20260907T0628Z/src/su2qc/encodings/l12.py:57:26
   |
55 |     if isinstance(bits, str):
56 |         try: bits = int(bits, 2)
57 |         except ValueError: return {"vertex": (True,)*4, "link": (True,)*4}
   |                          ^
58 |     vertex = tuple(bool(_bit(bits, 3*v) ^ _bit(bits, 3*v+1)) and bool(_bit(bits, 3*v+2))
59 |                    for v in range(4))
   |

E741 Ambiguous variable name: `l`
  --> runs/section8_v0.5.0_20260907T0628Z/src/su2qc/encodings/l12.py:62:9
   |
60 |     # Compare the two endpoint copies, using the fixed vertex incidence order.
61 |     link = []
62 |     for l in range(4):
   |         ^
63 |         copies = [(3*v + k) for v, pair in enumerate(_VLINKS) for k, ll in enumerate(pair) if ll == l]
64 |         link.append(bool(_bit(bits, copies[0]) ^ _bit(bits, copies[1])))
   |

E501 Line too long (102 > 96)
  --> runs/section8_v0.5.0_20260907T0628Z/src/su2qc/encodings/l12.py:63:97
   |
61 |     link = []
62 |     for l in range(4):
63 |         copies = [(3*v + k) for v, pair in enumerate(_VLINKS) for k, ll in enumerate(pair) if ll == l]
   |                                                                                                 ^^^^^^
64 |         link.append(bool(_bit(bits, copies[0]) ^ _bit(bits, copies[1])))
65 |     return {"vertex": vertex, "link": tuple(link)}
   |

I001 [*] Import block is un-sorted or un-formatted
  --> runs/section8_v0.5.0_20260907T0628Z/src/su2qc/ham/compare.py:35:5
   |
34 |   def _get_routes():
35 | /     from su2qc.ham import route_spinnet as r1
36 | |     from su2qc.ham import route_gausskernel as r2
   | |_________________________________________________^
37 |       return r1, r2
   |
help: Organize imports
   |
34 | def _get_routes():
35 +     from su2qc.ham import route_gausskernel as r2
36 |     from su2qc.ham import route_spinnet as r1
   -     from su2qc.ham import route_gausskernel as r2
37 |     return r1, r2
   |

E741 Ambiguous variable name: `l`
  --> runs/section8_v0.5.0_20260907T0628Z/src/su2qc/ham/compare.py:72:54
   |
70 |     q = np.array([[cv.charge(v, int(lab[1][v])) for v in range(4)] for lab in basis])
71 |     surv_mask = np.all(q == np.array([1, -1, 0, 0]), axis=1)
72 |     e2 = np.array([[cv.casimir(float(lab[0][l])) for l in range(4)] for lab in basis])
   |                                                      ^
73 |     nmat = np.array([[int(lab[1][v]) for v in range(4)] for lab in basis])
74 |     dt = times[1] - times[0]
   |

F401 [*] `su2qc.conventions` imported but unused
  --> runs/section8_v0.5.0_20260907T0628Z/src/su2qc/ham/limits.py:30:38
   |
28 | def pure_electric_check(g2_big=1e6):
29 |     """Spectrum at g2 -> inf, m = 0: electric levels with k-degeneracies."""
30 |     from su2qc import conventions as cv
   |                                      ^^
31 |     from su2qc.ham import route_spinnet as r1
32 |     H, basis = r1.build_hamiltonian(g2_big, 0.0, 0.5)[:2]
   |
help: Remove unused import: `su2qc.conventions`
   |
29 |     """Spectrum at g2 -> inf, m = 0: electric levels with k-degeneracies."""
   -     from su2qc import conventions as cv
30 |     from su2qc.ham import route_spinnet as r1
   |

I001 [*] Import block is un-sorted or un-formatted
  --> runs/section8_v0.5.0_20260907T0628Z/src/su2qc/ham/route_gausskernel.py:19:1
   |
17 |   Route agreement is gated at jmax=1/2 per the run prompt (G1 criterion 3).
18 |   """
19 | / from __future__ import annotations
20 | |
21 | | import itertools
22 | |
23 | | import numpy as np
24 | | from scipy.linalg import eigh
25 | | from scipy.sparse import csr_matrix, diags, hstack, identity, kron
26 | |
27 | | from ..conventions import (ETA, LINKS, N_VAC, PARITY, casimir,
28 | |                            coupling_electric, coupling_magnetic,
29 | |                            HOPPING_PREFACTOR)
   | |_____________________________________________^
30 |
31 |   # ------------------------------------------------------------------ helpers
   |
help: Organize imports
   |
26 |
   - from ..conventions import (ETA, LINKS, N_VAC, PARITY, casimir,
   -                            coupling_electric, coupling_magnetic,
   -                            HOPPING_PREFACTOR)
27 + from ..conventions import (
28 +     ETA,
29 +     HOPPING_PREFACTOR,
30 +     LINKS,
31 +     N_VAC,
32 +     PARITY,
33 +     casimir,
34 +     coupling_electric,
35 +     coupling_magnetic,
36 + )
37 |
   |

E741 Ambiguous variable name: `l`
   --> runs/section8_v0.5.0_20260907T0628Z/src/su2qc/ham/route_gausskernel.py:139:21
    |
137 |                         ml[2], mr[3] = ia, ib
138 |                 li = []
139 |                 for l, j in enumerate(js):
    |                     ^
140 |                     mm = np.arange(-j, j + 1, 1.0)
141 |                     li.append(states.index((j, mm[ml[l]], mm[mr[l]])))
    |

E741 Ambiguous variable name: `l`
   --> runs/section8_v0.5.0_20260907T0628Z/src/su2qc/ham/route_gausskernel.py:245:21
    |
245 | def _embed_link(op, l, dl, dm):
    |                     ^
246 |     """kron: identity on links < l, op on link l, identity after, identity fermions."""
247 |     mats = [identity(dl, format="csr", dtype=complex)] * 4
    |

E741 Ambiguous variable name: `l`
   --> runs/section8_v0.5.0_20260907T0628Z/src/su2qc/ham/route_gausskernel.py:258:17
    |
256 |     """link_ops: dict l -> op (missing = identity); fermi_op on 256."""
257 |     mats = [link_ops.get(l, identity(dl, format="csr", dtype=complex))
258 |             for l in range(4)]
    |                 ^
259 |     out = mats[0]
260 |     for m in mats[1:]:
    |

E741 Ambiguous variable name: `l`
   --> runs/section8_v0.5.0_20260907T0628Z/src/su2qc/ham/route_gausskernel.py:279:13
    |
277 |         # link ends at v (per _ENDS / frozen conventions)
278 |         ends = []
279 |         for l, (s, t, _d) in enumerate(LINKS):
    |             ^
280 |             if s == v:
281 |                 ends.append((l, "L"))
    |

E741 Ambiguous variable name: `l`
   --> runs/section8_v0.5.0_20260907T0628Z/src/su2qc/ham/route_gausskernel.py:293:18
    |
291 |                         (f[2 * v + c1].conj().T.tocsr() @ f[2 * v + c2])
292 |             g = _embed_links_fermi({}, Q, dl, dm)
293 |             for (l, end) in ends:
    |                  ^
294 |                 op = JL[a] if end == "L" else JR[a]
295 |                 g = g + _embed_link(op, l, dl, dm)
    |

E741 Ambiguous variable name: `l`
   --> runs/section8_v0.5.0_20260907T0628Z/src/su2qc/ham/route_gausskernel.py:317:56
    |
316 |     e2_link = diags([casimir(s[0]) for s in states], format="csr", dtype=complex)
317 |     electric = sum(_embed_link(e2_link, l, dl, dm) for l in range(4))
    |                                                        ^
318 |
319 |     nmodes = [fdag[k] @ f[k] for k in range(8)]
    |

E741 Ambiguous variable name: `l`
   --> runs/section8_v0.5.0_20260907T0628Z/src/su2qc/ham/route_gausskernel.py:324:9
    |
323 |     hops = []
324 |     for l, (s, t, _d) in enumerate(LINKS):
    |         ^
325 |         h = None
326 |         for al in _ALPHAS:
    |

E741 Ambiguous variable name: `l`
   --> runs/section8_v0.5.0_20260907T0628Z/src/su2qc/ham/route_gausskernel.py:396:50
    |
394 |     G = _gauss_ops(jmax)
395 |     named = {"electric": terms["electric"], "mass": terms["mass"],
396 |              **{f"hop_{l}": terms["hops"][l] for l in range(4)},
    |                                                  ^
397 |              "magnetic": (terms["trU"] + terms["trU"].conj().T.tocsr())}
398 |     out = {}
    |

E741 Ambiguous variable name: `l`
   --> runs/section8_v0.5.0_20260907T0628Z/src/su2qc/ham/route_gausskernel.py:415:9
    |
413 |     t = _terms(jmax)
414 |     H = coupling_electric(g2) * t["electric"] + m * t["mass"]
415 |     for l in range(4):
    |         ^
416 |         H = H + HOPPING_PREFACTOR * ETA[l] * t["hops"][l]
417 |     if magnetic:
    |

E741 Ambiguous variable name: `l`
   --> runs/section8_v0.5.0_20260907T0628Z/src/su2qc/ham/route_gausskernel.py:453:14
    |
451 |     n = len(labels)
452 |     E = [diags([casimir(x[0][l]) for x in labels], format="csr")
453 |          for l in range(4)]
    |              ^
454 |     nv = [diags([x[1][v] for x in labels], format="csr") for v in range(4)]
455 |     N = sum(nv[1:], nv[0])
    |

E741 Ambiguous variable name: `l`
   --> runs/section8_v0.5.0_20260907T0628Z/src/su2qc/ham/route_gausskernel.py:466:13
    |
466 | def E2_link(l, basis_labels):
    |             ^
467 |     return _obs(basis_labels)[0][l]
    |

I001 [*] Import block is un-sorted or un-formatted
  --> runs/section8_v0.5.0_20260907T0628Z/src/su2qc/ham/route_spinnet.py:22:1
   |
20 |   """
21 |
22 | / from __future__ import annotations
23 | |
24 | | import sys
25 | | from pathlib import Path
26 | |
27 | | import numpy as np
28 | | from scipy.sparse import csr_matrix, lil_matrix
29 | | from scipy.linalg import eigh
   | |_____________________________^
30 |
31 |   # ---- conventions ----
   |
help: Organize imports
   |
27 | import numpy as np
28 + from scipy.linalg import eigh
29 | from scipy.sparse import csr_matrix, lil_matrix
   - from scipy.linalg import eigh
30 |
   |

E402 Module level import not at top of file
  --> runs/section8_v0.5.0_20260907T0628Z/src/su2qc/ham/route_spinnet.py:35:1
   |
33 | if str(SRC) not in sys.path:
34 |     sys.path.insert(0, str(SRC))
35 | import su2qc.conventions as cv
   | ^^^^^^^^^^^^^^^^^^^^^^^^^^^^^^
36 |
37 | # Shortcuts
   |
help: Move module level imports to top of file

E741 Ambiguous variable name: `l`
  --> runs/section8_v0.5.0_20260907T0628Z/src/su2qc/ham/route_spinnet.py:46:29
   |
45 | # Link source/target (python indices 0..3)
46 | LINK_ST = [(l[0], l[1]) for l in LINKS]  # (source, target)
   |                             ^

E741 Ambiguous variable name: `l`
   --> runs/section8_v0.5.0_20260907T0628Z/src/su2qc/ham/route_spinnet.py:149:60
    |
147 | _VLINKS = ((3, 0), (0, 1), (1, 2), (2, 3))  # vertex v -> (link_a, link_b)
148 | # which rotor index of link l lives at vertex v: "L" if v is source else "R"
149 | _VEND = tuple(tuple("L" if LINK_ST[l][0] == v else "R" for l in _VLINKS[v])
    |                                                            ^
150 |               for v in range(4))
    |

E741 Ambiguous variable name: `l`
   --> runs/section8_v0.5.0_20260907T0628Z/src/su2qc/ham/route_spinnet.py:401:9
    |
399 |     """
400 |     pref = 1.0
401 |     for l in range(4):
    |         ^
402 |         j, jp = j_from[l], j_to[l]
403 |         if abs(abs(j - jp) - 0.5) > 1e-12:
    |

E741 Ambiguous variable name: `l`
   --> runs/section8_v0.5.0_20260907T0628Z/src/su2qc/ham/route_spinnet.py:424:36
    |
422 |                         ins = {l: _end_insertion(j_from[l], j_to[l], col, end,
423 |                                                  dag)
424 |                                for l, (col, end, dag) in spec.items()}
    |                                    ^
425 |                         product *= _vertex_overlap_at(v, j_from, n, j_to, n,
426 |                                                       ins)
    |

E501 Line too long (98 > 96)
   --> runs/section8_v0.5.0_20260907T0628Z/src/su2qc/ham/route_spinnet.py:488:97
    |
486 |     # ----- Magnetic term (off-diagonal) -----
487 |     # -(1/(2g2)) Tr(U_box + U_box^dag)
488 |     # Flips all four links simultaneously between configurations where every link changes by ±1/2.
    |                                                                                                 ^^
489 |     # Matrix element is a product of vertex factors depending on (j_a, j_b, matter state) at each corner.
490 |     # Matter is untouched (diagonal in n).
    |

E501 Line too long (105 > 96)
   --> runs/section8_v0.5.0_20260907T0628Z/src/su2qc/ham/route_spinnet.py:489:97
    |
487 |     # -(1/(2g2)) Tr(U_box + U_box^dag)
488 |     # Flips all four links simultaneously between configurations where every link changes by ±1/2.
489 |     # Matrix element is a product of vertex factors depending on (j_a, j_b, matter state) at each corner.
    |                                                                                                 ^^^^^^^^^
490 |     # Matter is untouched (diagonal in n).
    |

F841 Local variable `j_labels` is assigned to but never used
   --> runs/section8_v0.5.0_20260907T0628Z/src/su2qc/ham/route_spinnet.py:540:5
    |
539 |     label_to_idx = {lab: i for i, lab in enumerate(basis)}
540 |     j_labels = np.array([lab[0] for lab in basis], dtype=object)
    |     ^^^^^^^^
541 |     n_labels = np.array([lab[1] for lab in basis], dtype=object)
    |
help: Remove assignment to unused variable `j_labels`

F841 Local variable `n_labels` is assigned to but never used
   --> runs/section8_v0.5.0_20260907T0628Z/src/su2qc/ham/route_spinnet.py:541:5
    |
539 |     label_to_idx = {lab: i for i, lab in enumerate(basis)}
540 |     j_labels = np.array([lab[0] for lab in basis], dtype=object)
541 |     n_labels = np.array([lab[1] for lab in basis], dtype=object)
    |     ^^^^^^^^
542 |
543 |     H = lil_matrix((dim, dim), dtype=complex)
    |
help: Remove assignment to unused variable `n_labels`

E741 Ambiguous variable name: `l`
   --> runs/section8_v0.5.0_20260907T0628Z/src/su2qc/ham/route_spinnet.py:605:18
    |
605 | def casimir_link(l: int):
    |                  ^
606 |     """Return the electric casimir operator j_l(j_l+1) for link l (diagonal in the basis)."""
607 |     def _no(dim_: int, basis_: list):
    |

F401 [*] `su2qc.conventions` imported but unused
   --> runs/section8_v0.5.0_20260907T0628Z/src/su2qc/ham/route_spinnet.py:744:38
    |
742 |     From limits.py pure_electric_check.
743 |     """
744 |     from su2qc import conventions as cv
    |                                      ^^
745 |     from su2qc.ham.route_spinnet import build_hamiltonian as bh
746 |     H, basis = bh(g2_big, 0.0, 0.5)[:2]
    |
help: Remove unused import: `su2qc.conventions`
    |
743 |     """
    -     from su2qc import conventions as cv
744 |     from su2qc.ham.route_spinnet import build_hamiltonian as bh
    |

E501 Line too long (134 > 96)
   --> runs/section8_v0.5.0_20260907T0628Z/src/su2qc/ham/route_spinnet.py:762:97
    |
760 |     print(f"dim={r['dim']} (expected 82): {'OK' if r['dim_match'] else 'FAIL'}")
761 |     for k in [0, 2, 4, 6, 8]:
762 |         print(f"  N={k}: got={r['sector_dims'][k]} expected={r['expected_sectors'][k]} {'OK' if r[f'sector_N{k}_match'] else 'FAIL'}")
    |                                                                                                 ^^^^^^^^^^^^^^^^^^^^^^^^^^^^^^^^^^^^^^
763 |
764 |     print("\n=== Validating jmax=1.0 basis ===")
    |

E741 Ambiguous variable name: `l`
  --> runs/section8_v0.5.0_20260907T0628Z/src/su2qc/twin/twin.py:91:9
   |
89 |         e2 += w * np.array([cv.casimir(j) for j in js])
90 |         nv += w * np.array(ns, float)
91 |     for l in range(4):
   |         ^
92 |         acc[f"E2_l{l+1}"] = float(e2[l])
93 |     for v in range(4):
   |

Found 89 errors.
[*] 22 fixable with the `--fix` option (3 hidden fixes can be enabled with the `--unsafe-fixes` option).
