Graph: graphify-out/graph.json (602 nodes) | Traversal: BFS depth=2 | Start: ['robustness()', 'pairwise()', 'Symmetry physics and direct MPS observables without dense-state scaling.', 'direct_mps()', 'mps_state()', 'selector_summary()', 'Symmetry result MIXED'] | 110 nodes found

[!] TRUNCATED: showing 40 of 110 nodes (~1200-token budget). The answer may be among the 70 cut nodes — raise the token budget (CLI: --budget) or narrow the query (e.g. context_filter=['call'], or get_node for a specific symbol).

NODE robustness() [src=src/su2zx/robust_study.py loc=L262 community=project_path]
NODE pairwise() [src=src/su2zx/robust_study.py loc=L226 community=project_path]
NODE Symmetry physics and direct MPS observables without dense-state scaling. [src=src/su2zx/scaling_study.py loc=L1 community=core.py]
NODE direct_mps() [src=src/su2zx/scaling_study.py loc=L56 community=core.py]
NODE mps_state() [src=src/su2zx/tn_study.py loc=L29 community=core.py]
NODE selector_summary() [src=src/su2zx/compiler_study.py loc=L529 community=compiler_study.py]
NODE Symmetry result MIXED [src=artifacts/data/v040/symmetry_summary.json loc=2 community=v0.4.0 research results]
NODE compiler_study.py [src=src/su2zx/compiler_study.py loc=L1 community=compiler_study.py]
NODE robust_study.py [src=src/su2zx/robust_study.py loc=L1 community=compiler_study.py]
NODE scaling_study.py [src=src/su2zx/scaling_study.py loc=L1 community=core.py]
NODE tn_study.py [src=src/su2zx/tn_study.py loc=L1 community=core.py]
NODE v0.4.0 release notes [src=RELEASE_NOTES_v0.4.0.md loc=1 community=v0.4.0 research results]
NODE generate_tn_data() [src=src/su2zx/tn_study.py loc=L44 community=core.py]
NODE DataFrame [src= loc= community=compiler_study.py]
NODE tn_run() [src=src/su2zx/scaling_study.py loc=L97 community=core.py]
NODE main() [src=src/su2zx/compiler_study.py loc=L819 community=compiler_study.py]
NODE main() [src=src/su2zx/robust_study.py loc=L523 community=project_path]
NODE observable_operators() [src=src/su2zx/scaling_study.py loc=L43 community=core.py]
NODE _grouped_predictions() [src=src/su2zx/compiler_study.py loc=L478 community=compiler_study.py]
NODE DataFrame [src= loc= community=project_path]
NODE test_direct_mps_observables_do_not_save_dense_state() [src=tests/test_v040.py loc=L58 community=core.py]
NODE Generated v040 CSV/JSON datasets [src=artifacts/provenance/run_v0.4.0.json loc=131 community=v0.4.0 research results]
NODE Symmetry-aware Trotter ordering [src=RESEARCH_RESULTS.md loc=77 community=v0.4.0 research results]
NODE _case_policy_regret() [src=src/su2zx/compiler_study.py loc=L519 community=compiler_study.py]
NODE _policy_metrics() [src=src/su2zx/compiler_study.py loc=L460 community=compiler_study.py]
NODE test_cpu_mps_matches_statevector_for_two_plaquettes() [src=tests/test_tn.py loc=L9 community=core.py]
NODE _fixed_regrets() [src=src/su2zx/compiler_study.py loc=L506 community=compiler_study.py]
NODE test_pairwise_excludes_whole_pair_when_one_output_fails() [src=tests/test_v040.py loc=L33 community=project_path]
NODE Save local Pauli expectations and compact MPS tensors only. Identity… [src=src/su2zx/scaling_study.py loc=L57 community=core.py]
NODE ndarray [src= loc= community=core.py]
NODE Simulate a circuit with Aer's CPU MPS method and return its statevector. [src=src/su2zx/tn_study.py loc=L30 community=core.py]
NODE core.py [src=src/su2zx/core.py loc=L1 community=core.py]
NODE strang_evolution() [src=src/su2zx/core.py loc=L177 community=core.py]
NODE v0.4.0 research results [src=RESEARCH_RESULTS.md loc=1 community=v0.4.0 research results]
NODE project_path() [src=src/su2zx/paths.py loc=L9 community=project_path]
NODE build_dataset() [src=src/su2zx/compiler_study.py loc=L273 community=compiler_study.py]
NODE hamiltonian() [src=src/su2zx/core.py loc=L99 community=core.py]
NODE physics_run() [src=src/su2zx/scaling_study.py loc=L200 community=core.py]
NODE SU2ZX research results — v0.3.0 [src=RESEARCH_RESULTS.md loc=L1 community=SU2ZX research results — v0.3.0]
NODE plaquette_chain_terms() [src=src/su2zx/core.py loc=L41 community=core.py]
... (truncated — 70 more nodes cut by ~1200-token budget. Narrow with context_filter=['call'] or use get_node for a specific symbol)
